R { funcs = [ (0x10000170, [ (0x10000170, 84)
                           , (0x100001c4, 12)
                           , (0x100001d0, 28)
                           , (0x100001ec, 20)
                           , (0x10000200, 28)
                           ])
            , (0x1000012c, [ (0x1000012c, 68)
                           ])
            , (0x10000100, [ (0x10000100, 44)
                           ])
            ]
  , ignoreBlocks = []
  }
