R { funcs = [ (0x10000100, [ (0x10000100, 40)
                           ])
            , (0x10000128, [ (0x10000128, 104)
                           , (0x10000190, 56)
                           ])
            , (0x100001c8, [ (0x100001c8, 72)
                           , (0x10000210, 20)
                           , (0x10000224, 28)
                           ])
            ]
  , ignoreBlocks = []
  }
