R { funcs = [ (0x100d9, [ (0x100d9, 12)
                        , (0x100e4, 28)
                        , (0x100ee, 18)
                        ])
            , (0x10108, [ (0x10108, 12)
                        , (0x10114, 8)
                        ])
            , (0x10128, [ (0x10128, 8)])
            ]
  , ignoreBlocks = [0x1011c]
  }
