R { funcs = [ (0x100d8, [(0x100d8, 48)])
            , (0x1010c, [ (0x1010c, 32)
                        , (0x1012c, 12)
                        ])
            , (0x10138, [ (0x10138, 28)
                        , (0x10154, 4)
                        ])
            ]
  , ignoreBlocks = [0x10158]
  }
