R { funcs = [ (0x100d9, [(0x100d9, 24)])
            , (0x100f4, [ (0x100f4, 32)
                        , (0x10114, 12)
                        ])
            , (0x10120, [ (0x10120, 28)
                        , (0x1013c, 8)
                        ])
            , (0x10150, [ (0x10150, 8)])
            ]
  , ignoreBlocks = [0x10144]
  }
