R { fileEntryPoint = Just 0x101a4
  , funcs = [(0x1014a, [ (0x1014a, 20)
                       , (0x1015e, 4)
                       , (0x10162, 14)
                       , (0x10170, 26)
                       , (0x1018a, 14)
                       , (0x10198, 4)
                       , (0x1019c, 8)]),
             (0x101a4, [ (0x101a4, 14)
                       , (0x101b2, 12)])]
  , ignoreBlocks = []
  }
