R { fileEntryPoint = Just 0x1048a
  , funcs = [(0x1043c, [ (0x1043c,22)
                       , (0x10452,4)
                       , (0x10456,10)
                       , (0x10460,4)
                       , (0x10464,10)
                       , (0x1046e,12)
                       , (0x1047a,4)
                       , (0x1047e,12)]),
             (0x1048a, [ (0x1048a,12)
                       , (0x10496, 20)])]
  , ignoreBlocks = []
  }
