R { funcs = [ (0x100001d0, [ (0x100001d0, 84)
                           , (0x10000224, 12)
                           , (0x10000230, 44)
                           , (0x1000025c, 32)
                           ])
            , (0x10000180, [ (0x10000180, 68)
                           ])
            , (0x10000148, [ (0x10000148, 44)
                           ])
            ]
  , ignoreBlocks = [0x1000027c]
  }