R { funcs = [ (Addr 0 0x4000f0, [ (Addr 0 0x4000f0, 28)
                                , (Addr 0 0x400125, 14)
                                , (Addr 0 0x400133, 26)
                                , (Addr 0 0x40014d, 26)
                                , (Addr 0 0x400167, 26)
                                , (Addr 0 0x400181, 26)
                                , (Addr 0 0x40019b, 26)
                                , (Addr 0 0x4001b5, 17)
                                , (Addr 0 0x4001c6, 6)
                                , (Addr 0 0x40010c, 25)
                                ])
            , (Addr 0 0x4001d0, [ (Addr 0 0x4001d0, 125)
                                , (Addr 0 0x40024d, 17)
                                ])
            , (Addr 0 0x400260, [ (Addr 0 0x400260, 9)
                                , (Addr 0 0x400269, 16)
                                , (Addr 0 0x400279, 2)
                                ])
            ]
  , ignoreBlocks = []
  }   
