R { funcs = [ (Addr 0 0x401000, [ (Addr 0 0x401000, 6)
                                , (Addr 0 0x401067, 6)
                                , (Addr 0 0x401006, 16)
                                , (Addr 0 0x401020, 8)
                                , (Addr 0 0x401030, 8)
                                , (Addr 0 0x401040, 7)
                                , (Addr 0 0x401050, 7)
                                , (Addr 0 0x401060, 7)
                                ])
            , (Addr 0 0x401070, [ (Addr 0 0x401070, 47)
                                , (Addr 0 0x40109f, 7)
                                ])
            , (Addr 0 0x4010b0, [ (Addr 0 0x4010b0, 7)
                                , (Addr 0 0x4010b7, 16)
                                , (Addr 0 0x4010c7, 1)
                                ])
            ]
  , ignoreBlocks = []
  }
